DRAUGR  FAIL  draugr-demo 0.0.0  34.5s

 P1 3 P2 2 P3 2 P4 1

CONTROLS
  iac       FAIL   P1 1 P3 1
  licenses  pass   P3 1
  sast      FAIL   P2 1
  sca       FAIL   P1 2 P2 1 P4 1
  dast      ERROR  did not run
            nuclei: executable file not found in $PATH

MEASURED AGAINST
  iac       trivy 0.69.3
  licenses  trivy-license 0.69.3 · policy: deny copyleft

COMPONENTS
  payments       FAIL   P1 3 P2 2 P3 1
  internal-tool  pass   no findings
  2 findings not tied to a component (project-wide controls)

ACCEPTED
  config.exclude  2 findings suppressed

FIX FIRST  top 5 of 8, by priority
  Priority  Severity  Rule                                    Scanner  Component      Location                Upgrade
  P1        high      CVE-2019-10906                          trivy    payments       app/requirements.txt:5  jinja2 2.10 → 2.10.1
            python-jinja2: str.format_map allows sandbox escape
  P1        critical  CVE-2019-20477                          trivy    payments       app/requirements.txt:4
            PyYAML: command execution through python/object/apply constructor in FullLoader
  P1        high      DS-0002                                 trivy    payments       app/Dockerfile:1
            Image user should not be 'root'
  P2        high      CVE-2018-1000656                        trivy    internal-tool  app/requirements.txt:2
            python-flask: Denial of Service via crafted JSON file
  P2        high      …tainted-sql-string.tainted-sql-string  semgrep  -              app/main.py:42
            Detected user input flowing into a raw SQL string

… and 3 findings not listed.

TRY
  --top 0                every one of them, not the first ten
  --view compact         one line each, to see how much there is
  --view actions         the same findings as a list of things to do
  draugr explain <rule>  what a rule means and how to fix it
