Draugr — FAIL   (draugr-demo 0.0.0)

Priorities:  P1 3   P2 2   P3 2   P4 1

Controls:
  iac       FAIL   1 high  1 medium
  licenses  pass   1 medium
  sast      FAIL   1 high
  sca       FAIL   1 critical  2 high  1 low
  dast      ERROR  did not run
            nuclei: executable file not found in $PATH

Components:
  payments       FAIL   P1 3  P2 2  P3 1  sca, secrets
  internal-tool  pass   no findings
  2 findings not tied to a component (project-wide controls)

2 findings suppressed by config.exclude — 1 accepted by a.reviewer, 1 unattributed

Fix first — 5 actions clear 6 findings:
  P1  Upgrade jinja2 2.10  sca · 2 findings
      fixed in 2.10.1, 2.11.3 — take the latest
  P1  PyYAML: command execution through python/object/apply constructor in Fu…  sca · 1 finding
      app/requirements.txt:4
  P1  Image user should not be 'root'  iac · 1 finding
      app/Dockerfile:1
  P2  python-flask: Denial of Service via crafted JSON file  sca · 1 finding
      app/requirements.txt:2
  P2  Detected user input flowing into a raw SQL string  sast · 1 finding
      app/main.py:42

… and 2 more actions.
Use --top 0 to list them all, or --group none to list every finding separately.
SBOM: 2 documents (spdx-json)

Machine-readable: --format json|sarif, or -o <dir> for report.json + results.sarif.
