Draugr      dev  (latest: vv9.9.9. Run 'draugr self-update')

Descriptor  ✓ valid (<path>)

TOOLS
Tool      Status   Version  Notes
git       ✓ found  2.55.0   /somewhere/git
gitleaks  ✓ found  8.30.1   /somewhere/gitleaks

NETWORK  (besides its targets · --offline stops all of it)
  draugr scan  (contacts only its targets)

NOT CHECKED
  Component  Surface  Controls off
  web        hosts    dast, headers, tls
  web        images   images

All required tools present.
