Draugr      dev  (latest: vv9.9.9. Run 'draugr self-update')

TOOLS
Tool         Status   Version  Notes
cosign       ✓ found  3.1.3    /somewhere/cosign
git          ✓ found  2.55.0   /somewhere/git
gitleaks     ✓ found  8.30.1   /somewhere/gitleaks
gosec        ✓ found  2.29.0   /somewhere/gosec
govulncheck  ✓ found  1.8.0    /somewhere/govulncheck
grype        ✓ found  0.118.0  /somewhere/grype
kube-bench   ✓ found  0.16.0   /somewhere/kube-bench
kubectl      ✓ found  1.31.0   /somewhere/kubectl
notation     ✓ found  1.3.2    /somewhere/notation
nuclei       ✓ found  3.11.1   /somewhere/nuclei
retire       ✓ found  5.7.0    /somewhere/retire
semgrep      ✓ found  1.177.0  /somewhere/semgrep
syft         ✓ found  1.51.1   /somewhere/syft
trivy        ✓ found  0.74.0   /somewhere/trivy

NETWORK  (besides its targets · --offline stops all of it)
  draugr scan
    dast        github.com                 template set · before the scan
    iac         mirror.gcr.io              checks bundle · before the scan
    images      ghcr.io                    vulnerability database · before the scan
                grype.anchore.io           vulnerability database · before the scan
                mirror.gcr.io              vulnerability database · before the scan
    licenses    $MEND_URL                  learns the dependency inventory
                ghcr.io                    vulnerability database · before the scan
                mirror.gcr.io              vulnerability database · before the scan
    provenance  rekor.sigstore.dev         learns an image digest, for a signature with no inclusion proof
                tuf-repo-cdn.sigstore.dev  Sigstore trust root · before the scan
    sast        semgrep.dev                rule pack · every scan
    sca         $MEND_URL                  learns the dependency inventory
                ghcr.io                    vulnerability database · before the scan
                grype.anchore.io           vulnerability database · before the scan
                mirror.gcr.io              vulnerability database · before the scan
                raw.githubusercontent.com  advisory database · before the scan
                vuln.go.dev                vulnerability database · every scan
    threats     urlhaus-api.abuse.ch       learns each host's name
                www.virustotal.com         learns each host's domain

All required tools present.
